This file contains any messages produced by compilers while
running configure, to aid debugging if configure makes a mistake.

It was created by kexec-tools configure 2.0.32, which was
generated by GNU Autoconf 2.72.  Invocation command line was

  $ ./configure

## --------- ##
## Platform. ##
## --------- ##

hostname = debian
uname -m = x86_64
uname -r = 6.12.96+deb13-amd64
uname -s = Linux
uname -v = #1 SMP PREEMPT_DYNAMIC Debian 6.12.96-1 (2026-07-20)

/usr/bin/uname -p = unknown
/bin/uname -X     = unknown

/bin/arch              = x86_64
/usr/bin/arch -k       = unknown
/usr/convex/getsysinfo = unknown
/usr/bin/hostinfo      = unknown
/bin/machine           = unknown
/usr/bin/oslevel       = unknown
/bin/universe          = unknown

PATH: /usr/local/bin/
PATH: /usr/bin/
PATH: /bin/
PATH: /usr/local/games/
PATH: /usr/games/
PATH: /snap/bin/


## ----------- ##
## Core tests. ##
## ----------- ##

configure:2340: looking for aux files: install-sh config.guess config.sub
configure:2353:  trying ././config/
configure:2364:   ././config/install-sh found
configure:2382:   ././config/config.guess found
configure:2382:   ././config/config.sub found
configure:2566: checking for gcc
configure:2587: found /usr/bin/gcc
configure:2599: result: gcc
configure:2958: checking for C compiler version
configure:2967: gcc --version >&5
gcc (Debian 14.2.0-19) 14.2.0
Copyright (C) 2024 Free Software Foundation, Inc.
This is free software; see the source for copying conditions.  There is NO
warranty; not even for MERCHANTABILITY or FITNESS FOR A PARTICULAR PURPOSE.

configure:2978: $? = 0
configure:2967: gcc -v >&5
Using built-in specs.
COLLECT_GCC=gcc
COLLECT_LTO_WRAPPER=/usr/libexec/gcc/x86_64-linux-gnu/14/lto-wrapper
OFFLOAD_TARGET_NAMES=nvptx-none:amdgcn-amdhsa
OFFLOAD_TARGET_DEFAULT=1
Target: x86_64-linux-gnu
Configured with: ../src/configure -v --with-pkgversion='Debian 14.2.0-19' --with-bugurl=file:///usr/share/doc/gcc-14/README.Bugs --enable-languages=c,ada,c++,go,d,fortran,objc,obj-c++,m2,rust --prefix=/usr --with-gcc-major-version-only --program-suffix=-14 --program-prefix=x86_64-linux-gnu- --enable-shared --enable-linker-build-id --libexecdir=/usr/libexec --without-included-gettext --enable-threads=posix --libdir=/usr/lib --enable-nls --enable-bootstrap --enable-clocale=gnu --enable-libstdcxx-debug --enable-libstdcxx-time=yes --with-default-libstdcxx-abi=new --enable-libstdcxx-backtrace --enable-gnu-unique-object --disable-vtable-verify --enable-plugin --enable-default-pie --with-system-zlib --enable-libphobos-checking=release --with-target-system-zlib=auto --enable-objc-gc=auto --enable-multiarch --disable-werror --enable-cet --with-arch-32=i686 --with-abi=m64 --with-multilib-list=m32,m64,mx32 --enable-multilib --with-tune=generic --enable-offload-targets=nvptx-none=/build/reproducible-path/gcc-14-14.2.0/debian/tmp-nvptx/usr,amdgcn-amdhsa=/build/reproducible-path/gcc-14-14.2.0/debian/tmp-gcn/usr --enable-offload-defaulted --without-cuda-driver --enable-checking=release --build=x86_64-linux-gnu --host=x86_64-linux-gnu --target=x86_64-linux-gnu --with-build-config=bootstrap-lto-lean --enable-link-serialization=3
Thread model: posix
Supported LTO compression algorithms: zlib zstd
gcc version 14.2.0 (Debian 14.2.0-19) 
... rest of stderr output deleted ...
configure:2978: $? = 0
configure:2967: gcc -V >&5
gcc: error: unrecognized command-line option '-V'
gcc: fatal error: no input files
compilation terminated.
configure:2978: $? = 1
configure:2967: gcc -qversion >&5
gcc: error: unrecognized command-line option '-qversion'; did you mean '--version'?
gcc: fatal error: no input files
compilation terminated.
configure:2978: $? = 1
configure:2967: gcc -version >&5
gcc: error: unrecognized command-line option '-version'
gcc: fatal error: no input files
compilation terminated.
configure:2978: $? = 1
configure:2998: checking whether the C compiler works
configure:3020: gcc   -static conftest.c  >&5
configure:3024: $? = 0
configure:3075: result: yes
configure:3079: checking for C compiler default output file name
configure:3081: result: a.out
configure:3087: checking for suffix of executables
configure:3094: gcc -o conftest   -static conftest.c  >&5
configure:3098: $? = 0
configure:3122: result: 
configure:3146: checking whether we are cross compiling
configure:3154: gcc -o conftest   -static conftest.c  >&5
configure:3158: $? = 0
configure:3165: ./conftest
configure:3169: $? = 0
configure:3184: result: no
configure:3190: checking for suffix of object files
configure:3213: gcc -c   conftest.c >&5
configure:3217: $? = 0
configure:3241: result: o
configure:3245: checking whether the compiler supports GNU C
configure:3265: gcc -c   conftest.c >&5
configure:3265: $? = 0
configure:3277: result: yes
configure:3288: checking whether gcc accepts -g
configure:3309: gcc -c -g  conftest.c >&5
configure:3309: $? = 0
configure:3356: result: yes
configure:3376: checking for gcc option to enable C11 features
configure:3391: gcc  -c -g -O2  conftest.c >&5
configure:3391: $? = 0
configure:3410: result: none needed
configure:3537: checking build system type
configure:3553: result: x86_64-pc-linux-gnu
configure:3573: checking host system type
configure:3588: result: x86_64-pc-linux-gnu
configure:3608: checking target system type
configure:3623: result: x86_64-pc-linux-gnu
configure:3859: checking how to run the C preprocessor
configure:3885: gcc -E  conftest.c
configure:3885: $? = 0
configure:3901: gcc -E  conftest.c
conftest.c:9:10: fatal error: ac_nonexistent.h: No such file or directory
    9 | #include <ac_nonexistent.h>
      |          ^~~~~~~~~~~~~~~~~~
compilation terminated.
configure:3901: $? = 1
configure: failed program was:
| /* confdefs.h */
| #define PACKAGE_NAME "kexec-tools"
| #define PACKAGE_TARNAME "kexec-tools"
| #define PACKAGE_VERSION "2.0.32"
| #define PACKAGE_STRING "kexec-tools 2.0.32"
| #define PACKAGE_BUGREPORT ""
| #define PACKAGE_URL ""
| /* end confdefs.h.  */
| #include <ac_nonexistent.h>
configure:3930: result: gcc -E
configure:3944: gcc -E  conftest.c
configure:3944: $? = 0
configure:3960: gcc -E  conftest.c
conftest.c:9:10: fatal error: ac_nonexistent.h: No such file or directory
    9 | #include <ac_nonexistent.h>
      |          ^~~~~~~~~~~~~~~~~~
compilation terminated.
configure:3960: $? = 1
configure: failed program was:
| /* confdefs.h */
| #define PACKAGE_NAME "kexec-tools"
| #define PACKAGE_TARNAME "kexec-tools"
| #define PACKAGE_VERSION "2.0.32"
| #define PACKAGE_STRING "kexec-tools 2.0.32"
| #define PACKAGE_BUGREPORT ""
| #define PACKAGE_URL ""
| /* end confdefs.h.  */
| #include <ac_nonexistent.h>
configure:4041: checking for ld
configure:4062: found /usr/bin/ld
configure:4074: result: ld
configure:4145: checking for as
configure:4166: found /usr/bin/as
configure:4178: result: as
configure:4249: checking for objcopy
configure:4270: found /usr/bin/objcopy
configure:4282: result: objcopy
configure:4353: checking for ar
configure:4374: found /usr/bin/ar
configure:4386: result: ar
configure:4457: checking for strip
configure:4478: found /usr/bin/strip
configure:4490: result: strip
configure:4615: checking whether gcc accepts -fno-zero-initialized-in-bss
configure:4633: gcc -c -g -O2 -fno-zero-initialized-in-bss  conftest.c >&5
configure:4633: $? = 0
configure:4636: result: Yes
configure:4665: checking for a BSD-compatible install
configure:4739: result: /usr/bin/install -c
configure:4752: checking for chmod
configure:4773: found /usr/bin/chmod
configure:4786: result: chmod
configure:4796: checking for mkdir
configure:4817: found /usr/bin/mkdir
configure:4830: result: mkdir
configure:4840: checking for rm
configure:4861: found /usr/bin/rm
configure:4874: result: rm
configure:4884: checking for cp
configure:4905: found /usr/bin/cp
configure:4918: result: cp
configure:4928: checking for ln
configure:4949: found /usr/bin/ln
configure:4962: result: ln
configure:4972: checking for tar
configure:4993: found /usr/bin/tar
configure:5006: result: tar
configure:5016: checking for rpmbuild
configure:5050: result: no
configure:5060: checking for sed
configure:5081: found /usr/bin/sed
configure:5094: result: sed
configure:5104: checking for find
configure:5125: found /usr/bin/find
configure:5138: result: find
configure:5148: checking for xargs
configure:5169: found /usr/bin/xargs
configure:5182: result: xargs
configure:5192: checking for dirname
configure:5213: found /usr/bin/dirname
configure:5226: result: dirname
configure:5240: checking for stdio.h
configure:5240: gcc -c -g -O2  conftest.c >&5
configure:5240: $? = 0
configure:5240: result: yes
configure:5240: checking for stdlib.h
configure:5240: gcc -c -g -O2  conftest.c >&5
configure:5240: $? = 0
configure:5240: result: yes
configure:5240: checking for string.h
configure:5240: gcc -c -g -O2  conftest.c >&5
configure:5240: $? = 0
configure:5240: result: yes
configure:5240: checking for inttypes.h
configure:5240: gcc -c -g -O2  conftest.c >&5
configure:5240: $? = 0
configure:5240: result: yes
configure:5240: checking for stdint.h
configure:5240: gcc -c -g -O2  conftest.c >&5
configure:5240: $? = 0
configure:5240: result: yes
configure:5240: checking for strings.h
configure:5240: gcc -c -g -O2  conftest.c >&5
configure:5240: $? = 0
configure:5240: result: yes
configure:5240: checking for sys/stat.h
configure:5240: gcc -c -g -O2  conftest.c >&5
configure:5240: $? = 0
configure:5240: result: yes
configure:5240: checking for sys/types.h
configure:5240: gcc -c -g -O2  conftest.c >&5
configure:5240: $? = 0
configure:5240: result: yes
configure:5240: checking for unistd.h
configure:5240: gcc -c -g -O2  conftest.c >&5
configure:5240: $? = 0
configure:5240: result: yes
configure:5265: checking for zlib.h
configure:5265: gcc -c -g -O2  conftest.c >&5
configure:5265: $? = 0
configure:5265: result: yes
configure:5268: checking for inflateInit_ in -lz
configure:5297: gcc -o conftest -g -O2  -static conftest.c -lz   >&5
configure:5297: $? = 0
configure:5309: result: yes
configure:5328: checking for lzma.h
configure:5328: gcc -c -g -O2  conftest.c >&5
configure:5328: $? = 0
configure:5328: result: yes
configure:5331: checking for lzma_code in -llzma
configure:5360: gcc -o conftest -g -O2  -static conftest.c -llzma  -lz  >&5
configure:5360: $? = 0
configure:5372: result: yes
configure:5391: checking for zstd.h
configure:5391: gcc -c -g -O2  conftest.c >&5
configure:5391: $? = 0
configure:5391: result: yes
configure:5394: checking for ZSTD_decompress in -lzstd
configure:5423: gcc -o conftest -g -O2  -static conftest.c -lzstd  -llzma -lz  >&5
configure:5423: $? = 0
configure:5435: result: yes
configure:5454: checking for xenctrl.h
configure:5454: gcc -c -g -O2  conftest.c >&5
conftest.c:50:10: fatal error: xenctrl.h: No such file or directory
   50 | #include <xenctrl.h>
      |          ^~~~~~~~~~~
compilation terminated.
configure:5454: $? = 1
configure: failed program was:
| /* confdefs.h */
| #define PACKAGE_NAME "kexec-tools"
| #define PACKAGE_TARNAME "kexec-tools"
| #define PACKAGE_VERSION "2.0.32"
| #define PACKAGE_STRING "kexec-tools 2.0.32"
| #define PACKAGE_BUGREPORT ""
| #define PACKAGE_URL ""
| #define HAVE_STDIO_H 1
| #define HAVE_STDLIB_H 1
| #define HAVE_STRING_H 1
| #define HAVE_INTTYPES_H 1
| #define HAVE_STDINT_H 1
| #define HAVE_STRINGS_H 1
| #define HAVE_SYS_STAT_H 1
| #define HAVE_SYS_TYPES_H 1
| #define HAVE_UNISTD_H 1
| #define STDC_HEADERS 1
| #define HAVE_LIBZ 1
| #define HAVE_LIBLZMA 1
| #define HAVE_LIBZSTD 1
| /* end confdefs.h.  */
| #include <stddef.h>
| #ifdef HAVE_STDIO_H
| # include <stdio.h>
| #endif
| #ifdef HAVE_STDLIB_H
| # include <stdlib.h>
| #endif
| #ifdef HAVE_STRING_H
| # include <string.h>
| #endif
| #ifdef HAVE_INTTYPES_H
| # include <inttypes.h>
| #endif
| #ifdef HAVE_STDINT_H
| # include <stdint.h>
| #endif
| #ifdef HAVE_STRINGS_H
| # include <strings.h>
| #endif
| #ifdef HAVE_SYS_TYPES_H
| # include <sys/types.h>
| #endif
| #ifdef HAVE_SYS_STAT_H
| # include <sys/stat.h>
| #endif
| #ifdef HAVE_UNISTD_H
| # include <unistd.h>
| #endif
| #include <xenctrl.h>
configure:5454: result: no
configure:5700: checking for memfd_create
configure:5700: gcc -o conftest -g -O2  -static conftest.c -lzstd -llzma -lz  >&5
configure:5700: $? = 0
configure:5700: result: yes
configure:5847: creating ./config.status

## ---------------------- ##
## Running config.status. ##
## ---------------------- ##

This file was extended by kexec-tools config.status 2.0.32, which was
generated by GNU Autoconf 2.72.  Invocation command line was

  CONFIG_FILES    = 
  CONFIG_HEADERS  = 
  CONFIG_LINKS    = 
  CONFIG_COMMANDS = 
  $ ./config.status 

on debian

config.status:839: creating Makefile
config.status:839: creating include/config.h

## ---------------- ##
## Cache variables. ##
## ---------------- ##

ac_cv_build=x86_64-pc-linux-gnu
ac_cv_c_compiler_gnu=yes
ac_cv_env_CC_set=
ac_cv_env_CC_value=
ac_cv_env_CFLAGS_set=
ac_cv_env_CFLAGS_value=
ac_cv_env_CPPFLAGS_set=
ac_cv_env_CPPFLAGS_value=
ac_cv_env_CPP_set=
ac_cv_env_CPP_value=
ac_cv_env_LDFLAGS_set=set
ac_cv_env_LDFLAGS_value=-static
ac_cv_env_LIBS_set=
ac_cv_env_LIBS_value=
ac_cv_env_build_alias_set=
ac_cv_env_build_alias_value=
ac_cv_env_host_alias_set=
ac_cv_env_host_alias_value=
ac_cv_env_target_alias_set=
ac_cv_env_target_alias_value=
ac_cv_func_memfd_create=yes
ac_cv_header_inttypes_h=yes
ac_cv_header_lzma_h=yes
ac_cv_header_stdint_h=yes
ac_cv_header_stdio_h=yes
ac_cv_header_stdlib_h=yes
ac_cv_header_string_h=yes
ac_cv_header_strings_h=yes
ac_cv_header_sys_stat_h=yes
ac_cv_header_sys_types_h=yes
ac_cv_header_unistd_h=yes
ac_cv_header_xenctrl_h=no
ac_cv_header_zlib_h=yes
ac_cv_header_zstd_h=yes
ac_cv_host=x86_64-pc-linux-gnu
ac_cv_lib_lzma_lzma_code=yes
ac_cv_lib_z_inflateInit_=yes
ac_cv_lib_zstd_ZSTD_decompress=yes
ac_cv_objext=o
ac_cv_path_install='/usr/bin/install -c'
ac_cv_prog_CHMOD=chmod
ac_cv_prog_CP=cp
ac_cv_prog_CPP='gcc -E'
ac_cv_prog_DIRNAME=dirname
ac_cv_prog_FIND=find
ac_cv_prog_LN=ln
ac_cv_prog_MKDIR=mkdir
ac_cv_prog_RM=rm
ac_cv_prog_RPMBUILD=no
ac_cv_prog_SED=sed
ac_cv_prog_TAR=tar
ac_cv_prog_XARGS=xargs
ac_cv_prog_ac_ct_AR=ar
ac_cv_prog_ac_ct_AS=as
ac_cv_prog_ac_ct_CC=gcc
ac_cv_prog_ac_ct_LD=ld
ac_cv_prog_ac_ct_OBJCOPY=objcopy
ac_cv_prog_ac_ct_STRIP=strip
ac_cv_prog_cc_c11=
ac_cv_prog_cc_g=yes
ac_cv_prog_cc_stdc=
ac_cv_target=x86_64-pc-linux-gnu

## ----------------- ##
## Output variables. ##
## ----------------- ##

AR='ar'
ARCH='x86_64'
AS='as'
ASFLAGS=''
BUILD_CC='gcc'
BUILD_CFLAGS='-O2 -Wall'
CC='gcc'
CFLAGS='-g -O2'
CHMOD='chmod'
CP='cp'
CPP='gcc -E'
CPPFLAGS=''
DEFS='-DHAVE_CONFIG_H'
DIRNAME='dirname'
ECHO_C=''
ECHO_N='-n'
ECHO_T=''
EXEEXT=''
FIND='find'
INSTALL='/usr/bin/install -c'
INSTALL_DATA='${INSTALL} -m 644'
INSTALL_PROGRAM='${INSTALL}'
INSTALL_SCRIPT='${INSTALL}'
LD='ld'
LDFLAGS='-static'
LIBOBJS=''
LIBS='-lzstd -llzma -lz '
LN='ln'
LTLIBOBJS=''
MKDIR='mkdir'
OBJCOPY='objcopy'
OBJDIR='/home/fqian/projects/linuxboot/kexec-tools-2.0.32/objdir'
OBJEXT='o'
PACKAGE_BUGREPORT=''
PACKAGE_NAME='kexec-tools'
PACKAGE_STRING='kexec-tools 2.0.32'
PACKAGE_TARNAME='kexec-tools'
PACKAGE_URL=''
PACKAGE_VERSION='2.0.32'
PATH_SEPARATOR=':'
PURGATORY_EXTRA_CFLAGS='-fno-zero-initialized-in-bss'
RM='rm'
RPMBUILD='no'
SED='sed'
SHELL='/bin/bash'
STRIP='strip'
SUBARCH=''
TAR='tar'
TARGET_CC='gcc'
TARGET_CFLAGS='-O2 -Wall'
TARGET_LD='ld'
XARGS='xargs'
ac_ct_CC='gcc'
bindir='${exec_prefix}/bin'
build='x86_64-pc-linux-gnu'
build_alias=''
build_cpu='x86_64'
build_os='linux-gnu'
build_vendor='pc'
datadir='${datarootdir}'
datarootdir='${prefix}/share'
docdir='${datarootdir}/doc/${PACKAGE_TARNAME}'
dvidir='${docdir}'
exec_prefix='${prefix}'
host='x86_64-pc-linux-gnu'
host_alias=''
host_cpu='x86_64'
host_os='linux-gnu'
host_vendor='pc'
htmldir='${docdir}'
includedir='${prefix}/include'
infodir='${datarootdir}/info'
libdir='${exec_prefix}/lib'
libexecdir='${exec_prefix}/libexec'
localedir='${datarootdir}/locale'
localstatedir='${prefix}/var'
mandir='${datarootdir}/man'
oldincludedir='/usr/include'
pdfdir='${docdir}'
prefix='/usr/local'
program_transform_name='s,x,x,'
psdir='${docdir}'
runstatedir='${localstatedir}/run'
sbindir='${exec_prefix}/sbin'
sharedstatedir='${prefix}/com'
sysconfdir='${prefix}/etc'
target='x86_64-pc-linux-gnu'
target_alias=''
target_cpu='x86_64'
target_os='linux-gnu'
target_vendor='pc'

## ----------- ##
## confdefs.h. ##
## ----------- ##

/* confdefs.h */
#define PACKAGE_NAME "kexec-tools"
#define PACKAGE_TARNAME "kexec-tools"
#define PACKAGE_VERSION "2.0.32"
#define PACKAGE_STRING "kexec-tools 2.0.32"
#define PACKAGE_BUGREPORT ""
#define PACKAGE_URL ""
#define HAVE_STDIO_H 1
#define HAVE_STDLIB_H 1
#define HAVE_STRING_H 1
#define HAVE_INTTYPES_H 1
#define HAVE_STDINT_H 1
#define HAVE_STRINGS_H 1
#define HAVE_SYS_STAT_H 1
#define HAVE_SYS_TYPES_H 1
#define HAVE_UNISTD_H 1
#define STDC_HEADERS 1
#define HAVE_LIBZ 1
#define HAVE_LIBLZMA 1
#define HAVE_LIBZSTD 1
#define HAVE_MEMFD_CREATE 1

configure: exit 0
